
Apr 25 10:15:32 Failed password from 192.168.1.10
Apr 25 10:16:01 Accepted password from 10.0.0.2
Apr 25 10:17:45 Failed password from 192.168.1.10
